[studio96.webflow.io/index.html]
[backblue.gif]
[fade.gif]
[index.html]
[daks2k3a4ib2z.cloudfront.net/567875ddd74390fe094fcbb6/css/studio96.webflow.0a903518c.css]
[ajax.googleapis.com/ajax/libs/webfont/1.4.7/webfont.js]
[daks2k3a4ib2z.cloudfront.net/0globals/modernizr-2.7.1.js]
[daks2k3a4ib2z.cloudfront.net/img/webclip.png]
[studio96.webflow.io/all-projects.html]
[studio96.webflow.io/team-members.html]
[studio96.webflow.io/blog.html]
[uploads.webflow.com/567875ddd74390fe094fcbb6/567881a5b561b1c110c5d87b_stroke-pink.png]
[daks2k3a4ib2z.cloudfront.net/567911245e1bd6e130868400/5679130bc23895ea308e2392_Jennifer-3screens.jpg]
[studio96.webflow.io/projects/task-app-creation.html]
[daks2k3a4ib2z.cloudfront.net/567911245e1bd6e130868400/567912db73fcd8c14a26be5a_forest.jpg]
[studio96.webflow.io/projects/ecosysta-improvements.html]
[daks2k3a4ib2z.cloudfront.net/567911245e1bd6e130868400/56791274c23895ea308e238f_Phone-Ui-Wide.jpg]
[studio96.webflow.io/projects/spectrum-branding.html]
[daks2k3a4ib2z.cloudfront.net/567911245e1bd6e130868400/5679115bc23895ea308e235f_rock-climb.jpg]
[studio96.webflow.io/projects/funding-naturhikez.html]
[studio96.webflow.io/team/karla-tampson.html]
[daks2k3a4ib2z.cloudfront.net/567911245e1bd6e130868400/5679a8c029bb7430358704eb_testimonial-2.png]
[daks2k3a4ib2z.cloudfront.net/567911245e1bd6e130868400/5679a8f8d1c3e7cc201d3a55_grey-left-300.jpg]
[daks2k3a4ib2z.cloudfront.net/567911245e1bd6e130868400/5679a92fe7f2da3b70615049_green-mid-300.jpg]
[daks2k3a4ib2z.cloudfront.net/567911245e1bd6e130868400/567b95b4ffba789f3ae3bab6_stars-mountains.jpg]
[studio96.webflow.io/posts/giving-back.html]
[daks2k3a4ib2z.cloudfront.net/567911245e1bd6e130868400/567b95cf1955285570c749e7_stary-night.jpg]
[ajax.googleapis.com/ajax/libs/jquery/2.2.0/jquery.min.js]
[studio96.webflow.io/index.html]
[daks2k3a4ib2z.cloudfront.net/567875ddd74390fe094fcbb6/js/webflow.b6431e542.js]
[d3e54v103j8qbb.cloudfront.net/img/example-bg.png]
[daks2k3a4ib2z.cloudfront.net/567875ddd74390fe094fcbb6/css/studio96.webflow.0a903518c.css]
[studio96.webflow.io/all-projects.html]
[studio96.webflow.io/team-members.html]
[studio96.webflow.io/blog.html]
[daks2k3a4ib2z.cloudfront.net/567911245e1bd6e130868400/567b8aa6cf0bd64c701bead1_Screen-UI-2Screens.jpg]
[studio96.webflow.io/projects/task-app-creation.html]
[daks2k3a4ib2z.cloudfront.net/567911245e1bd6e130868400/567b8abd101255767daf0df3_Screen-UI-2.jpg]
[studio96.webflow.io/projects/ecosysta-improvements.html]
[daks2k3a4ib2z.cloudfront.net/567911245e1bd6e130868400/567b8ad2101255767daf0df8_Screen-UI-1.jpg]
[studio96.webflow.io/projects/spectrum-branding.html]
[studio96.webflow.io/projects/funding-naturhikez.html]
[studio96.webflow.io/team/karla-tampson.html]
[studio96.webflow.io/posts/giving-back.html]
[studio96.webflow.io/pricing.html]
[studio96.webflow.io/contact.html]
[studio96.webflow.io/team/kanny-harley.html]
[studio96.webflow.io/team/kara-hield.html]
[studio96.webflow.io/posts/updates-to-payments.html]
[studio96.webflow.io/posts/helping-others-succeed.html]
[studio96.webflow.io/category/company-updates.html]
[studio96.webflow.io/category/giving-back.html]
[studio96.webflow.io/category/new-features.html]
